src/app/settings/users/newUser/page.tsx(33,7): error TS2353: Object literal may only specify known properties, and 'required_error' does not exist in type '{ error?: string | $ZodErrorMap<$ZodIssueInvalidType<unknown>> | undefined; message?: string | undefined; }'.
src/app/settings/users/newUser/page.tsx(84,5): error TS2322: Type 'Resolver<{ name: string; email: string; company_role: unknown; phone_number: string; language: string; timezone: string; in_app_notifications?: boolean | undefined; email_notifications?: boolean | undefined; user_image_image?: any; signature_image?: any; access_codes?: Record<...> | undefined; }, any, { ...; }>' is not assignable to type 'Resolver<{ name: string; email: string; company_role: number; phone_number: string; language: string; timezone: string; in_app_notifications: boolean; email_notifications: boolean; user_image_image?: any; signature_image?: any; access_codes?: Record<...> | undefined; }, any, { ...; }>'.
  Types of parameters 'options' and 'options' are incompatible.
    Type 'ResolverOptions<{ name: string; email: string; company_role: number; phone_number: string; language: string; timezone: string; in_app_notifications: boolean; email_notifications: boolean; user_image_image?: any; signature_image?: any; access_codes?: Record<...> | undefined; }>' is not assignable to type 'ResolverOptions<{ name: string; email: string; company_role: unknown; phone_number: string; language: string; timezone: string; in_app_notifications?: boolean | undefined; email_notifications?: boolean | undefined; user_image_image?: any; signature_image?: any; access_codes?: Record<...> | undefined; }>'.
      Type 'unknown' is not assignable to type 'number'.
src/app/settings/users/newUser/page.tsx(238,24): error TS2345: Argument of type '(data: UserCreateInput) => Promise<void>' is not assignable to parameter of type 'SubmitHandler<TFieldValues>'.
  Types of parameters 'data' and 'data' are incompatible.
    Type 'TFieldValues' is not assignable to type '{ name: string; email: string; company_role: number; phone_number: string; language: string; timezone: string; in_app_notifications: boolean; email_notifications: boolean; user_image_image?: any; signature_image?: any; access_codes?: Record<...> | undefined; }'.
      Type 'FieldValues' is missing the following properties from type '{ name: string; email: string; company_role: number; phone_number: string; language: string; timezone: string; in_app_notifications: boolean; email_notifications: boolean; user_image_image?: any; signature_image?: any; access_codes?: Record<...> | undefined; }': name, email, company_role, phone_number, and 4 more.
